OnnxToEngine TensorRtLine=10 ModelBytes=158 Batch=2 Source=embedded-dynamic-identity
TrtexecLike BuildOnly=True SkipInference=False Fp16=False Int8=False Bf16=False Tf32=True WorkspaceBytes=67108864
TrtexecDeployment BuilderOptimizationLevel=4 MaxAuxStreams= Device= DlaCore= DirectIO=False StronglyTyped=False
TrtexecRuntime NoDataTransfers=False UseSpinWait=False Threads= AvgRuns= Percentile= DumpOutput=False ExportTimes= ExportProfile=
Diagnostic=BuilderOptimizationLevel=4 is applied to TensorRT builder config.
Diagnostic=Builder scalar deployment controls are applied/read back during a real build when the selected TensorRT line exposes the corresponding vendor API; unsupported lines remain controlled diagnostics.
Diagnostic=MaxNbTactics=32
Diagnostic=TilingOptimizationLevel=Moderate
Diagnostic=L2LimitForTilingBytes=268435456
Diagnostic=QuantizationFlags=CalibrateBeforeFusion
Diagnostic=ProfilingVerbosity=layer_names_only
Preflight TRT=10.11.0 CUDA=12.9 Runtime=True Builder=True
TrtexecBuilderScalar Name=MaxNbTactics Applied=True Requested=32 Readback=32 ReadbackMatch=True
TrtexecBuilderScalar Name=TilingOptimizationLevel Applied=True Requested=Moderate Readback=Moderate ReadbackMatch=True
TrtexecBuilderScalar Name=L2LimitForTiling Applied=False RequestedBytes=268435456 ReadbackBytes=3145728 ReadbackMatch=False
TrtexecBuilderScalar Name=QuantizationFlags Applied=True Requested=CalibrateBeforeFusion Readback=CalibrateBeforeFusion ReadbackMatch=True
ParserBuilderConfig Supported=False Attached=False ManagedLease=False DlaCapabilityValidation=False
ParserPreflightSnapshot State=copied-readback Errors=0 Diagnostics=0 Identity=True ModelSupport=copied-readback:False Subgraphs=1
BuilderConfigDeploymentSnapshot State=copied-readback Diagnostics=2 Summary=profiles=1 flags=Tf32 capability=Standard workspace=67108864 opt=4 aux=-1 plugins=0/0 diagnostics=2
Parsed=True ProfileIndex=0 EngineSaved=E:\GitSpace\TensorRT-CSharp-API-4.0\TensorRtSharp4.0\artifacts\real-case\trtexec-builder-scalar-trt10-cuda12\identity.plan
OnnxToEngine BuildOnly=True
OnnxToEngine Passed=True
CapabilityProbe State=capability-probe-only Runtime=True Builder=True BuilderConfig=True EngineInspectorApi=True
CapabilityProbe Items=runtime:create:True; builder:create:True; builder-config:create:True; engine-inspector:managed-api:True; fp8-builder-flag:requested:False:known:True; debug-tensor-options:requested:False:known:True; weight-streaming-options:requested:False:known:True
CapabilityProbe Boundary=capability-probe-only records host/tool API availability and requested advanced options; it does not build a proof model, enqueue inference, validate outputs, or promote parse-only options to runtime proof.
TensorRtExec ReportPath=E:\GitSpace\TensorRT-CSharp-API-4.0\TensorRtSharp4.0\artifacts\real-case\trtexec-builder-scalar-trt10-cuda12\trt10-builder-scalar-build-report.json
TensorRtExec ProofClassification=build-only BuildEvidenceOnly=True DryRun=False
TensorRtExec NormalizedCommandSha256=8c82a46805ccfed333f0c02225c931ae0e168ac9c48008756d6e29a017c87157
TensorRtExec WorkspaceBytes=67108864
TensorRtExec BuilderConfigDeploymentSnapshot=copied-readback Diagnostics=2
TensorRtExec ParserPreflightSnapshot=copied-readback Diagnostics=0
TensorRtExec State=build-only Success=True
